"MemTotal:         947756 kB\nMemFree:          141488 kB\nMemAvailable:     677368 kB\nBuffers:           58736 kB\nCached:           486320 kB\nSwapCached:            0 kB\nActive:           376484 kB\nInactive:         346772 kB\nActive(anon):     111248 kB\nInactive(anon):    96404 kB\nActive(file):     265236 kB\nInactive(file):   250368 kB\nUnevictable:           0 kB\nMlocked:               0 kB\nSwapTotal:        102396 kB\nSwapFree:         102372 kB\nDirty:              5956 kB\nWriteback:             0 kB\nAnonPages:        178288 kB\nMapped:           136652 kB\nShmem:             29280 kB\nSlab:              63352 kB\nSReclaimable:      50996 kB\nSUnreclaim:        12356 kB\nKernelStack:        2160 kB\nPageTables:         4280 kB\nNFS_Unstable:          0 kB\nBounce:                0 kB\nWritebackTmp:          0 kB\nCommitLimit:      576272 kB\nCommitted_AS:    1410048 kB\nVmallocTotal:    1114112 kB\nVmallocUsed:           0 kB\nVmallocChunk:          0 kB\nCmaTotal:           8192 kB\nCmaFree:            3300 kB\n"

=========================CPU

"processor\t: 0\nmodel name\t: ARMv7 Processor rev 5 (v7l)\nBogoMIPS\t: 57.60\nFeatures\t: half thumb fastmult vfp edsp neon vfpv3 tls vfpv4 idiva idivt vfpd32 lpae evtstrm \nCPU implementer\t: 0x41\nCPU architecture: 7\nCPU variant\t: 0x0\nCPU part\t: 0xc07\nCPU revision\t: 5\n\nprocessor\t: 1\nmodel name\t: ARMv7 Processor rev 5 (v7l)\nBogoMIPS\t: 57.60\nFeatures\t: half thumb fastmult vfp edsp neon vfpv3 tls vfpv4 idiva idivt vfpd32 lpae evtstrm \nCPU implementer\t: 0x41\nCPU architecture: 7\nCPU variant\t: 0x0\nCPU part\t: 0xc07\nCPU revision\t: 5\n\nprocessor\t: 2\nmodel name\t: ARMv7 Processor rev 5 (v7l)\nBogoMIPS\t: 57.60\nFeatures\t: half thumb fastmult vfp edsp neon vfpv3 tls vfpv4 idiva idivt vfpd32 lpae evtstrm \nCPU implementer\t: 0x41\nCPU architecture: 7\nCPU variant\t: 0x0\nCPU part\t: 0xc07\nCPU revision\t: 5\n\nprocessor\t: 3\nmodel name\t: ARMv7 Processor rev 5 (v7l)\nBogoMIPS\t: 57.60\nFeatures\t: half thumb fastmult vfp edsp neon vfpv3 tls vfpv4 idiva idivt vfpd32 lpae evtstrm \nCPU implementer\t: 0x41\nCPU architecture: 7\nCPU variant\t: 0x0\nCPU part\t: 0xc07\nCPU revision\t: 5\n\nHardware\t: BCM2709\nRevision\t: a21041\nSerial\t\t: 00000000c7c93ff4\n"

=======================LINUX

"Linux version 4.4.11-v7+ (dc4@dc4-XPS13-9333) (gcc version 4.9.3 (crosstool-NG crosstool-ng-1.22.0-88-g8460611) ) #888 SMP Mon May 23 20:10:33 BST 2016\n"

